This is pdfTeX, Version 3.141592653-2.6-1.40.28 (MiKTeX 25.12 Portable) (preloaded format=pdflatex 2026.8.5)  16 AUG 2026 21:06
entering extended mode
 restricted \write18 enabled.
 %&-line parsing enabled.
**./paper_subfig.tex
(paper_subfig.tex
LaTeX2e <2025-11-01>
L3 programming layer <2025-12-24>
(IEEEtran.cls
Document Class: IEEEtran 2015/08/26 V1.8b by Michael Shell
-- See the "IEEEtran_HOWTO" manual for usage information.
-- http://www.michaelshell.org/tex/ieeetran/
\@IEEEtrantmpdimenA=\dimen148
\@IEEEtrantmpdimenB=\dimen149
\@IEEEtrantmpdimenC=\dimen150
\@IEEEtrantmpcountA=\count275
\@IEEEtrantmpcountB=\count276
\@IEEEtrantmpcountC=\count277
\@IEEEtrantmptoksA=\toks17
LaTeX Font Info:    Trying to load font information for OT1+ptm on input line 5
03.
(C:\tmp\miktex\texmfs/data\tex/latex/psnfss\ot1ptm.fd
File: ot1ptm.fd 2001/06/04 font definitions for OT1/ptm.
)
-- Using 8.5in x 11in (letter) paper.
-- Using PDF output.
\@IEEEnormalsizeunitybaselineskip=\dimen151
-- This is a 10 point document.
LaTeX Encoding Info:    Redeclaring text command \textunderscore (encoding ?) o
n input line 940.
\CLASSINFOnormalsizebaselineskip=\dimen152
\CLASSINFOnormalsizeunitybaselineskip=\dimen153
\IEEEnormaljot=\dimen154
LaTeX Font Info:    Font shape `OT1/ptm/bx/n' in size <5> not available
(Font)              Font shape `OT1/ptm/b/n' tried instead on input line 1086.
LaTeX Font Info:    Font shape `OT1/ptm/bx/it' in size <5> not available
(Font)              Font shape `OT1/ptm/b/it' tried instead on input line 1086.

LaTeX Font Info:    Font shape `OT1/ptm/bx/n' in size <7> not available
(Font)              Font shape `OT1/ptm/b/n' tried instead on input line 1086.
LaTeX Font Info:    Font shape `OT1/ptm/bx/it' in size <7> not available
(Font)              Font shape `OT1/ptm/b/it' tried instead on input line 1086.

LaTeX Font Info:    Font shape `OT1/ptm/bx/n' in size <8> not available
(Font)              Font shape `OT1/ptm/b/n' tried instead on input line 1086.
LaTeX Font Info:    Font shape `OT1/ptm/bx/it' in size <8> not available
(Font)              Font shape `OT1/ptm/b/it' tried instead on input line 1086.

LaTeX Font Info:    Font shape `OT1/ptm/bx/n' in size <9> not available
(Font)              Font shape `OT1/ptm/b/n' tried instead on input line 1086.
LaTeX Font Info:    Font shape `OT1/ptm/bx/it' in size <9> not available
(Font)              Font shape `OT1/ptm/b/it' tried instead on input line 1086.

LaTeX Font Info:    Font shape `OT1/ptm/bx/n' in size <10> not available
(Font)              Font shape `OT1/ptm/b/n' tried instead on input line 1086.
LaTeX Font Info:    Font shape `OT1/ptm/bx/it' in size <10> not available
(Font)              Font shape `OT1/ptm/b/it' tried instead on input line 1086.

LaTeX Font Info:    Font shape `OT1/ptm/bx/n' in size <11> not available
(Font)              Font shape `OT1/ptm/b/n' tried instead on input line 1086.
LaTeX Font Info:    Font shape `OT1/ptm/bx/it' in size <11> not available
(Font)              Font shape `OT1/ptm/b/it' tried instead on input line 1086.

LaTeX Font Info:    Font shape `OT1/ptm/bx/n' in size <12> not available
(Font)              Font shape `OT1/ptm/b/n' tried instead on input line 1086.
LaTeX Font Info:    Font shape `OT1/ptm/bx/it' in size <12> not available
(Font)              Font shape `OT1/ptm/b/it' tried instead on input line 1086.

LaTeX Font Info:    Font shape `OT1/ptm/bx/n' in size <18> not available
(Font)              Font shape `OT1/ptm/b/n' tried instead on input line 1086.
LaTeX Font Info:    Font shape `OT1/ptm/bx/it' in size <18> not available
(Font)              Font shape `OT1/ptm/b/it' tried instead on input line 1086.

\IEEEquantizedlength=\dimen155
\IEEEquantizedlengthdiff=\dimen156
\IEEEquantizedtextheightdiff=\dimen157
\IEEEilabelindentA=\dimen158
\IEEEilabelindentB=\dimen159
\IEEEilabelindent=\dimen160
\IEEEelabelindent=\dimen161
\IEEEdlabelindent=\dimen162
\IEEElabelindent=\dimen163
\IEEEiednormlabelsep=\dimen164
\IEEEiedmathlabelsep=\dimen165
\IEEEiedtopsep=\skip49
\c@section=\count278
\c@subsection=\count279
\c@subsubsection=\count280
\c@paragraph=\count281
\c@IEEEsubequation=\count282
\abovecaptionskip=\skip50
\belowcaptionskip=\skip51
\c@figure=\count283
\c@table=\count284
\@IEEEeqnnumcols=\count285
\@IEEEeqncolcnt=\count286
\@IEEEsubeqnnumrollback=\count287
\@IEEEquantizeheightA=\dimen166
\@IEEEquantizeheightB=\dimen167
\@IEEEquantizeheightC=\dimen168
\@IEEEquantizeprevdepth=\dimen169
\@IEEEquantizemultiple=\count288
\@IEEEquantizeboxA=\box53
\@IEEEtmpitemindent=\dimen170
\IEEEPARstartletwidth=\dimen171
\c@IEEEbiography=\count289
\@IEEEtranrubishbin=\box54
)
** ATTENTION: Overriding command lockouts (line 2).
(C:\tmp\miktex\texmfs/data\tex/latex/cite\cite.sty
LaTeX Info: Redefining \cite on input line 302.
LaTeX Info: Redefining \nocite on input line 332.
Package: cite 2015/02/27  v 5.5
)
(C:\tmp\miktex\texmfs\install\tex/latex/amsmath\amsmath.sty
Package: amsmath 2025/07/09 v2.17z AMS math features
\@mathmargin=\skip52

For additional information on amsmath, use the `?' option.
(C:\tmp\miktex\texmfs\install\tex/latex/amsmath\amstext.sty
Package: amstext 2024/11/17 v2.01 AMS text

(C:\tmp\miktex\texmfs\install\tex/latex/amsmath\amsgen.sty
File: amsgen.sty 1999/11/30 v2.0 generic functions
\@emptytoks=\toks18
\ex@=\dimen172
))
(C:\tmp\miktex\texmfs\install\tex/latex/amsmath\amsbsy.sty
Package: amsbsy 1999/11/29 v1.2d Bold Symbols
\pmbraise@=\dimen173
)
(C:\tmp\miktex\texmfs\install\tex/latex/amsmath\amsopn.sty
Package: amsopn 2022/04/08 v2.04 operator names
)
\inf@bad=\count290
LaTeX Info: Redefining \frac on input line 233.
\uproot@=\count291
\leftroot@=\count292
LaTeX Info: Redefining \overline on input line 398.
LaTeX Info: Redefining \colon on input line 409.
\classnum@=\count293
\DOTSCASE@=\count294
LaTeX Info: Redefining \ldots on input line 495.
LaTeX Info: Redefining \dots on input line 498.
LaTeX Info: Redefining \cdots on input line 619.
\Mathstrutbox@=\box55
\strutbox@=\box56
LaTeX Info: Redefining \big on input line 721.
LaTeX Info: Redefining \Big on input line 722.
LaTeX Info: Redefining \bigg on input line 723.
LaTeX Info: Redefining \Bigg on input line 724.
\big@size=\dimen174
LaTeX Font Info:    Redeclaring font encoding OML on input line 742.
LaTeX Font Info:    Redeclaring font encoding OMS on input line 743.
\macc@depth=\count295
LaTeX Info: Redefining \bmod on input line 904.
LaTeX Info: Redefining \pmod on input line 909.
LaTeX Info: Redefining \smash on input line 939.
LaTeX Info: Redefining \relbar on input line 969.
LaTeX Info: Redefining \Relbar on input line 970.
\c@MaxMatrixCols=\count296
\dotsspace@=\muskip17
\c@parentequation=\count297
\dspbrk@lvl=\count298
\tag@help=\toks19
\row@=\count299
\column@=\count300
\maxfields@=\count301
\andhelp@=\toks20
\eqnshift@=\dimen175
\alignsep@=\dimen176
\tagshift@=\dimen177
\tagwidth@=\dimen178
\totwidth@=\dimen179
\lineht@=\dimen180
\@envbody=\toks21
\multlinegap=\skip53
\multlinetaggap=\skip54
\mathdisplay@stack=\toks22
LaTeX Info: Redefining \[ on input line 2950.
LaTeX Info: Redefining \] on input line 2951.
)
(C:\tmp\miktex\texmfs\install\tex/latex/amsfonts\amssymb.sty
Package: amssymb 2013/01/14 v3.01 AMS font symbols

(C:\tmp\miktex\texmfs\install\tex/latex/amsfonts\amsfonts.sty
Package: amsfonts 2013/01/14 v3.01 Basic AMSFonts support
\symAMSa=\mathgroup4
\symAMSb=\mathgroup5
LaTeX Font Info:    Redeclaring math symbol \hbar on input line 98.
LaTeX Font Info:    Overwriting math alphabet `\mathfrak' in version `bold'
(Font)                  U/euf/m/n --> U/euf/b/n on input line 106.
))
(C:\tmp\miktex\texmfs\install\tex/latex/graphics\graphicx.sty
Package: graphicx 2024/12/31 v1.2e Enhanced LaTeX Graphics (DPC,SPQR)

(C:\tmp\miktex\texmfs\install\tex/latex/graphics\keyval.sty
Package: keyval 2022/05/29 v1.15 key=value parser (DPC)
\KV@toks@=\toks23
)
(C:\tmp\miktex\texmfs\install\tex/latex/graphics\graphics.sty
Package: graphics 2024/08/06 v1.4g Standard LaTeX Graphics (DPC,SPQR)

(C:\tmp\miktex\texmfs\install\tex/latex/graphics\trig.sty
Package: trig 2023/12/02 v1.11 sin cos tan (DPC)
)
(C:\tmp\miktex\texmfs\install\tex/latex/graphics-cfg\graphics.cfg
File: graphics.cfg 2016/06/04 v1.11 sample graphics configuration
)
Package graphics Info: Driver file: pdftex.def on input line 106.

(C:\tmp\miktex\texmfs\install\tex/latex/graphics-def\pdftex.def
File: pdftex.def 2025/09/29 v1.2d Graphics/color driver for pdftex
))
\Gin@req@height=\dimen181
\Gin@req@width=\dimen182
)
(C:\tmp\miktex\texmfs\install\tex/latex/base\textcomp.sty
Package: textcomp 2024/04/24 v2.1b Standard LaTeX package
)
(C:\tmp\miktex\texmfs\install\tex/latex/xcolor\xcolor.sty
Package: xcolor 2024/09/29 v3.02 LaTeX color extensions (UK)

(C:\tmp\miktex\texmfs\install\tex/latex/graphics-cfg\color.cfg
File: color.cfg 2016/01/02 v1.6 sample color configuration
)
Package xcolor Info: Driver file: pdftex.def on input line 274.

(C:\tmp\miktex\texmfs\install\tex/latex/graphics\mathcolor.ltx)
Package xcolor Info: Model `cmy' substituted by `cmy0' on input line 1349.
Package xcolor Info: Model `hsb' substituted by `rgb' on input line 1353.
Package xcolor Info: Model `RGB' extended on input line 1365.
Package xcolor Info: Model `HTML' substituted by `rgb' on input line 1367.
Package xcolor Info: Model `Hsb' substituted by `hsb' on input line 1368.
Package xcolor Info: Model `tHsb' substituted by `hsb' on input line 1369.
Package xcolor Info: Model `HSB' substituted by `hsb' on input line 1370.
Package xcolor Info: Model `Gray' substituted by `gray' on input line 1371.
Package xcolor Info: Model `wave' substituted by `hsb' on input line 1372.
)
(C:\tmp\miktex\texmfs/data\tex/latex/booktabs\booktabs.sty
Package: booktabs 2020/01/12 v1.61803398 Publication quality tables
\heavyrulewidth=\dimen183
\lightrulewidth=\dimen184
\cmidrulewidth=\dimen185
\belowrulesep=\dimen186
\belowbottomsep=\dimen187
\aboverulesep=\dimen188
\abovetopsep=\dimen189
\cmidrulesep=\dimen190
\cmidrulekern=\dimen191
\defaultaddspace=\dimen192
\@cmidla=\count302
\@cmidlb=\count303
\@aboverulesep=\dimen193
\@belowrulesep=\dimen194
\@thisruleclass=\count304
\@lastruleclass=\count305
\@thisrulewidth=\dimen195
)
(C:\tmp\miktex\texmfs/data\tex/latex/multirow\multirow.sty
Package: multirow 2024/11/12 v2.9 Span multiple rows of a table
\multirow@colwidth=\skip55
\multirow@cntb=\count306
\multirow@dima=\skip56
\bigstrutjot=\dimen196
)
(C:\tmp\miktex\texmfs/data\tex/latex/float\float.sty
Package: float 2001/11/08 v1.3d Float enhancements (AL)
\c@float@type=\count307
\float@exts=\toks24
\float@box=\box57
\@float@everytoks=\toks25
\@floatcapt=\box58
)
(C:\tmp\miktex\texmfs/data\tex/latex/algorithms\algorithm.sty
Package: algorithm 2009/08/24 v0.1 Document Style `algorithm' - floating enviro
nment

(C:\tmp\miktex\texmfs\install\tex/latex/base\ifthen.sty
Package: ifthen 2024/03/16 v1.1e Standard LaTeX ifthen package (DPC)
)
\@float@every@algorithm=\toks26
\c@algorithm=\count308
)
(C:\tmp\miktex\texmfs/data\tex/latex/algorithms\algorithmic.sty
Package: algorithmic 2009/08/24 v0.1 Document Style `algorithmic'
\c@ALC@unique=\count309
\c@ALC@line=\count310
\c@ALC@rem=\count311
\c@ALC@depth=\count312
\ALC@tlm=\skip57
\algorithmicindent=\skip58
)
(C:\tmp\miktex\texmfs\install\tex/latex/url\url.sty
\Urlmuskip=\muskip18
Package: url 2013/09/16  ver 3.4  Verb mode for urls, etc.
)
(C:\tmp\miktex\texmfs/data\tex/latex/sttools\stfloats.sty
Package: stfloats 2025/06/18 v3.4 Improve float mechanism and baselineskip sett
ings
\@dblbotnum=\count313
\c@dblbotnumber=\count314
)
(C:\tmp\miktex\texmfs/data\tex/latex/enumitem\enumitem.sty
Package: enumitem 2025/02/06 v3.11 Customized lists
\labelindent=\skip59
\enit@outerparindent=\dimen197
\enit@toks=\toks27
\enit@inbox=\box59
\enit@count@id=\count315
\enitdp@description=\count316
)
(C:\tmp\miktex\texmfs\install\tex/latex/l3backend\l3backend-pdftex.def
File: l3backend-pdftex.def 2025-10-09 L3 backend support: PDF output (pdfTeX)
\l__color_backend_stack_int=\count317
)

LaTeX Warning: Unused global option(s):
    [lettersize].

(paper_subfig.aux)
\openout1 = `paper_subfig.aux'.

LaTeX Font Info:    Checking defaults for OML/cmm/m/it on input line 48.
LaTeX Font Info:    ... okay on input line 48.
LaTeX Font Info:    Checking defaults for OMS/cmsy/m/n on input line 48.
LaTeX Font Info:    ... okay on input line 48.
LaTeX Font Info:    Checking defaults for OT1/cmr/m/n on input line 48.
LaTeX Font Info:    ... okay on input line 48.
LaTeX Font Info:    Checking defaults for T1/cmr/m/n on input line 48.
LaTeX Font Info:    ... okay on input line 48.
LaTeX Font Info:    Checking defaults for TS1/cmr/m/n on input line 48.
LaTeX Font Info:    ... okay on input line 48.
LaTeX Font Info:    Checking defaults for OMX/cmex/m/n on input line 48.
LaTeX Font Info:    ... okay on input line 48.
LaTeX Font Info:    Checking defaults for U/cmr/m/n on input line 48.
LaTeX Font Info:    ... okay on input line 48.

-- Lines per column: 58 (exact).
(C:\tmp\miktex\texmfs\install\tex/context/base/mkii\supp-pdf.mkii
[Loading MPS to PDF converter (version 2006.09.02).]
\scratchcounter=\count318
\scratchdimen=\dimen198
\scratchbox=\box60
\nofMPsegments=\count319
\nofMParguments=\count320
\everyMPshowfont=\toks28
\MPscratchCnt=\count321
\MPscratchDim=\dimen199
\MPnumerator=\count322
\makeMPintoPDFobject=\count323
\everyMPtoPDFconversion=\toks29
) (C:\tmp\miktex\texmfs\install\tex/latex/epstopdf-pkg\epstopdf-base.sty
Package: epstopdf-base 2020-01-24 v2.11 Base part for package epstopdf
Package epstopdf-base Info: Redefining graphics rule for `.eps' on input line 4
85.

(C:\tmp\miktex\texmfs\install\tex/latex/00miktex\epstopdf-sys.cfg
File: epstopdf-sys.cfg 2021/03/18 v2.0 Configuration of epstopdf for MiKTeX
))
LaTeX Font Info:    Trying to load font information for OMS+ptm on input line 6
8.

(C:\tmp\miktex\texmfs/data\tex/latex/psnfss\omsptm.fd
File: omsptm.fd 
)
LaTeX Font Info:    Font shape `OMS/ptm/m/n' in size <8> not available
(Font)              Font shape `OMS/cmsy/m/n' tried instead on input line 68.
 [1{C:/tmp/miktex/texmfs/data/fonts/map/pdftex/pdftex.map}{C:/tmp/miktex/texmfs
/install/fonts/enc/dvips/base/8r.enc}


]
LaTeX Font Info:    Trying to load font information for U+msa on input line 89.

 (C:\tmp\miktex\texmfs\install\tex/latex/amsfonts\umsa.fd
File: umsa.fd 2013/01/14 v3.01 AMS symbols A
)
LaTeX Font Info:    Trying to load font information for U+msb on input line 89.


(C:\tmp\miktex\texmfs\install\tex/latex/amsfonts\umsb.fd
File: umsb.fd 2013/01/14 v3.01 AMS symbols B
)
<paper_figs/fig1.png, id=10, 1419.558pt x 560.421pt>
File: paper_figs/fig1.png Graphic file (type png)
<use paper_figs/fig1.png>
Package pdftex.def Info: paper_figs/fig1.png  used on input line 95.
(pdftex.def)             Requested size: 474.71906pt x 187.41083pt.
 [2]
Underfull \vbox (badness 10000) has occurred while \output is active []

 [3 <./paper_figs/fig1.png>]
LaTeX Font Info:    Font shape `OMS/ptm/m/n' in size <9> not available
(Font)              Font shape `OMS/cmsy/m/n' tried instead on input line 188.
<paper_figs/fig2.png, id=29, 1250.052pt x 471.945pt>
File: paper_figs/fig2.png Graphic file (type png)
<use paper_figs/fig2.png>
Package pdftex.def Info: paper_figs/fig2.png  used on input line 210.
(pdftex.def)             Requested size: 495.36346pt x 187.01753pt.
 [4]
Underfull \vbox (badness 10000) has occurred while \output is active []

 [5 <./paper_figs/fig2.png>]
<paper_figs/fig3.png, id=46, 609.696pt x 623.712pt>
File: paper_figs/fig3.png Graphic file (type png)
<use paper_figs/fig3.png>
Package pdftex.def Info: paper_figs/fig3.png  used on input line 270.
(pdftex.def)             Requested size: 234.35815pt x 239.74442pt.
 [6 <./paper_figs/fig3.png>]
<paper_figs/fig9.png, id=51, 278.568pt x 333.318pt>
File: paper_figs/fig9.png Graphic file (type png)
<use paper_figs/fig9.png>
Package pdftex.def Info: paper_figs/fig9.png  used on input line 279.
(pdftex.def)             Requested size: 158.76123pt x 189.9627pt.
LaTeX Font Info:    Trying to load font information for OT1+pcr on input line 3
05.

(C:\tmp\miktex\texmfs/data\tex/latex/psnfss\ot1pcr.fd
File: ot1pcr.fd 2001/06/04 font definitions for OT1/pcr.
) [7 <./paper_figs/fig9.png>]
<paper_figs/fig4_visqol.pdf, id=58, 235.84123pt x 207.37802pt>
File: paper_figs/fig4_visqol.pdf Graphic file (type pdf)
<use paper_figs/fig4_visqol.pdf>
Package pdftex.def Info: paper_figs/fig4_visqol.pdf  used on input line 313.
(pdftex.def)             Requested size: 214.20154pt x 188.35988pt.
<paper_figs/fig4_utmos.pdf, id=59, 235.84123pt x 207.37802pt>
File: paper_figs/fig4_utmos.pdf Graphic file (type pdf)
<use paper_figs/fig4_utmos.pdf>
Package pdftex.def Info: paper_figs/fig4_utmos.pdf  used on input line 314.
(pdftex.def)             Requested size: 214.20154pt x 188.35988pt.
<paper_figs/fig5.pdf, id=60, 1052.77324pt x 760.98415pt>
File: paper_figs/fig5.pdf Graphic file (type pdf)
<use paper_figs/fig5.pdf>
Package pdftex.def Info: paper_figs/fig5.pdf  used on input line 328.
(pdftex.def)             Requested size: 252.0pt x 182.15224pt.
 [8 <./paper_figs/fig4_visqol.pdf> <./paper_figs/fig4_utmos.pdf> <./paper_figs/
fig5.pdf>]
<paper_figs/fig6_visqol.pdf, id=226, 236.6348pt x 207.37802pt>
File: paper_figs/fig6_visqol.pdf Graphic file (type pdf)
<use paper_figs/fig6_visqol.pdf>
Package pdftex.def Info: paper_figs/fig6_visqol.pdf  used on input line 339.
(pdftex.def)             Requested size: 214.20154pt x 187.72385pt.
<paper_figs/fig6_plcmos.pdf, id=227, 236.6348pt x 207.37802pt>
File: paper_figs/fig6_plcmos.pdf Graphic file (type pdf)
<use paper_figs/fig6_plcmos.pdf>
Package pdftex.def Info: paper_figs/fig6_plcmos.pdf  used on input line 340.
(pdftex.def)             Requested size: 214.20154pt x 187.72385pt.
 [9 <./paper_figs/fig6_visqol.pdf> <./paper_figs/fig6_plcmos.pdf>]
<paper_figs/fig8_visqol.pdf, id=355, 236.6348pt x 207.37802pt>
File: paper_figs/fig8_visqol.pdf Graphic file (type pdf)
<use paper_figs/fig8_visqol.pdf>
Package pdftex.def Info: paper_figs/fig8_visqol.pdf  used on input line 357.
(pdftex.def)             Requested size: 214.20154pt x 187.72385pt.
<paper_figs/fig8_plcmos.pdf, id=356, 236.6348pt x 207.37802pt>
File: paper_figs/fig8_plcmos.pdf Graphic file (type pdf)
<use paper_figs/fig8_plcmos.pdf>
Package pdftex.def Info: paper_figs/fig8_plcmos.pdf  used on input line 358.
(pdftex.def)             Requested size: 214.20154pt x 187.72385pt.

Underfull \vbox (badness 10000) has occurred while \output is active []

<paper_figs/fig7.pdf, id=357, 866.51733pt x 490.53702pt>
File: paper_figs/fig7.pdf Graphic file (type pdf)
<use paper_figs/fig7.pdf>
Package pdftex.def Info: paper_figs/fig7.pdf  used on input line 371.
(pdftex.def)             Requested size: 252.0pt x 142.65628pt.
 [10 <./paper_figs/fig8_visqol.pdf> <./paper_figs/fig8_plcmos.pdf> <./paper_fig
s/fig7.pdf>]
Underfull \hbox (badness 1558) in paragraph at lines 420--421
[]\OT1/ptm/m/n/10 In this pa-per, we pro-posed PDSSC, which com-bines
 []


Underfull \hbox (badness 10000) in paragraph at lines 430--431
[]\OT1/ptm/m/n/8 NGMN Al-liance, ``Non-terrestrial net-works po-si-
 []


Underfull \hbox (badness 10000) in paragraph at lines 430--431
\OT1/ptm/m/n/8 tion pa-per,'' Dec. 2019. [On-line]. Avail-able: $https :
 []


Underfull \hbox (badness 10000) in paragraph at lines 430--431
\OT1/ptm/m/n/8 / / www . ngmn . org / wp-[]content / uploads / Publications / 2
019 /
 []


Underfull \hbox (badness 3547) in paragraph at lines 460--461
\OT1/ptm/m/n/8 speech model en-abled se-man-tic com-mu-ni-ca-tion,'' arXiv prep
rint
 []

[11] (paper_subfig.aux)
 ***********
LaTeX2e <2025-11-01>
L3 programming layer <2025-12-24>
 ***********
 ) 
Here is how much of TeX's memory you used:
 5159 strings out of 467871
 82170 string characters out of 5426103
 515997 words of memory out of 5000000
 33952 multiletter control sequences out of 15000+600000
 672804 words of font info for 130 fonts, out of 8000000 for 9000
 1141 hyphenation exceptions out of 8191
 57i,9n,65p,2271b,453s stack positions out of 10000i,1000n,20000p,200000b,200000s
<C:/tmp/miktex/texmfs/install/fonts/type1/public/amsfonts/cm/cmbx10.pfb><C:/t
mp/miktex/texmfs/install/fonts/type1/public/amsfonts/cm/cmbx9.pfb><C:/tmp/mikte
x/texmfs/install/fonts/type1/public/amsfonts/cm/cmex10.pfb><C:/tmp/miktex/texmf
s/install/fonts/type1/public/amsfonts/cmextra/cmex9.pfb><C:/tmp/miktex/texmfs/i
nstall/fonts/type1/public/amsfonts/cm/cmmi10.pfb><C:/tmp/miktex/texmfs/install/
fonts/type1/public/amsfonts/cm/cmmi5.pfb><C:/tmp/miktex/texmfs/install/fonts/ty
pe1/public/amsfonts/cm/cmmi6.pfb><C:/tmp/miktex/texmfs/install/fonts/type1/publ
ic/amsfonts/cm/cmmi7.pfb><C:/tmp/miktex/texmfs/install/fonts/type1/public/amsfo
nts/cm/cmmi9.pfb><C:/tmp/miktex/texmfs/install/fonts/type1/public/amsfonts/cm/c
mr10.pfb><C:/tmp/miktex/texmfs/install/fonts/type1/public/amsfonts/cm/cmr5.pfb>
<C:/tmp/miktex/texmfs/install/fonts/type1/public/amsfonts/cm/cmr6.pfb><C:/tmp/m
iktex/texmfs/install/fonts/type1/public/amsfonts/cm/cmr7.pfb><C:/tmp/miktex/tex
mfs/install/fonts/type1/public/amsfonts/cm/cmr9.pfb><C:/tmp/miktex/texmfs/insta
ll/fonts/type1/public/amsfonts/cm/cmss10.pfb><C:/tmp/miktex/texmfs/install/font
s/type1/public/amsfonts/cm/cmsy10.pfb><C:/tmp/miktex/texmfs/install/fonts/type1
/public/amsfonts/cm/cmsy7.pfb><C:/tmp/miktex/texmfs/install/fonts/type1/public/
amsfonts/cm/cmsy8.pfb><C:/tmp/miktex/texmfs/install/fonts/type1/public/amsfonts
/cm/cmsy9.pfb><C:/tmp/miktex/texmfs/install/fonts/type1/public/amsfonts/symbols
/msbm10.pfb><C:/tmp/miktex/texmfs/install/fonts/type1/urw/courier/ucrr8a.pfb><C
:/tmp/miktex/texmfs/install/fonts/type1/urw/times/utmb8a.pfb><C:/tmp/miktex/tex
mfs/install/fonts/type1/urw/times/utmbi8a.pfb><C:/tmp/miktex/texmfs/install/fon
ts/type1/urw/times/utmr8a.pfb><C:/tmp/miktex/texmfs/install/fonts/type1/urw/tim
es/utmri8a.pfb>
Output written on paper_subfig.pdf (11 pages, 3012079 bytes).
PDF statistics:
 599 PDF objects out of 1000 (max. 8388607)
 0 named destinations out of 1000 (max. 500000)
 61 words of extra memory for PDF output out of 10000 (max. 10000000)

